[2025-08-11 23:43:50] INFO: UserID: jiravoh455@blaxion.com
[2025-08-11 23:43:50] INFO: Password: Adinath@2025
[2025-08-11 23:43:50] INFO: URL: https://app.rudderstack.com
[2025-08-11 23:43:50] INFO: Browser: chromium
[2025-08-11 23:43:51] INFO: Navigating to login page...
[2025-08-11 23:43:55] INFO: Logged in and navigating to Connections...
[2025-08-11 23:44:09] INFO: Captured Data Plane URL: https://blaxionjinjrrp.dataplane.rudderstack.com
[2025-08-11 23:44:09] INFO: Raw Write Key Text: Write key 319JJOq41dIvUjieunyVdhD2yai
[2025-08-11 23:44:09] INFO: Extracted Write Key: 319JJOq41dIvUjieunyVdhD2yai
[2025-08-11 23:44:09] INFO: Sending test event to HTTP API...
[2025-08-11 23:44:10] INFO: API Response Status: 200
[2025-08-11 23:44:11] INFO: Delivered Events Before: 12
[2025-08-11 23:44:11] INFO: Waiting 60 seconds for event to be processed...
[2025-08-11 23:45:16] INFO: Delivered Events After: 13
[2025-08-11 23:45:17] INFO: Test completed and browser closed.
[2025-08-11 23:45:42] INFO: UserID: jiravoh455@blaxion.com
[2025-08-11 23:45:42] INFO: Password: Adinath@2025
[2025-08-11 23:45:42] INFO: URL: https://app.rudderstack.com
[2025-08-11 23:45:42] INFO: Browser: chromium
[2025-08-11 23:45:42] INFO: Navigating to login page...
[2025-08-11 23:45:46] INFO: Logged in and navigating to Connections...
[2025-08-11 23:49:38] INFO: UserID: jiravoh455@blaxion.com
[2025-08-11 23:49:38] INFO: Password: Adinath@2025
[2025-08-11 23:49:38] INFO: URL: https://app.rudderstack.com
[2025-08-11 23:49:38] INFO: Browser: chromium
[2025-08-11 23:49:39] INFO: Navigating to login page...
[2025-08-11 23:49:42] INFO: Logged in and navigating to Connections...
[2025-08-11 23:56:33] INFO: UserID: jiravoh455@blaxion.com
[2025-08-11 23:56:33] INFO: Password: Adinath@2025
[2025-08-11 23:56:33] INFO: URL: https://app.rudderstack.com
[2025-08-11 23:56:33] INFO: Browser: chromium
[2025-08-11 23:56:33] INFO: Navigating to login page...
[2025-08-11 23:56:38] INFO: Logged in and navigating to Connections...
[2025-08-11 23:57:06] INFO: Captured Data Plane URL: https://blaxionjinjrrp.dataplane.rudderstack.com
[2025-08-11 23:57:06] INFO: Raw Write Key Text: Write key 319JJOq41dIvUjieunyVdhD2yai
[2025-08-11 23:57:06] INFO: Extracted Write Key: 319JJOq41dIvUjieunyVdhD2yai
[2025-08-11 23:57:06] INFO: Sending test event to HTTP API...
[2025-08-11 23:57:07] INFO: API Response Status: 200
[2025-08-11 23:57:08] INFO: Delivered Events Before: 13
[2025-08-11 23:57:08] INFO: Waiting 60 seconds for event to be processed...
[2025-08-11 23:58:13] INFO: Delivered Events After: 13
[2025-08-11 23:59:30] INFO: UserID: jiravoh455@blaxion.com
[2025-08-11 23:59:30] INFO: Password: Adinath@2025
[2025-08-11 23:59:30] INFO: URL: https://app.rudderstack.com
[2025-08-11 23:59:30] INFO: Browser: chromium
[2025-08-11 23:59:31] INFO: Navigating to login page...
[2025-08-11 23:59:34] INFO: Logged in and navigating to Connections...
[2025-08-11 23:59:42] INFO: Captured Data Plane URL: https://blaxionjinjrrp.dataplane.rudderstack.com
[2025-08-11 23:59:42] INFO: Raw Write Key Text: Write key 319JJOq41dIvUjieunyVdhD2yai
[2025-08-11 23:59:42] INFO: Extracted Write Key: 319JJOq41dIvUjieunyVdhD2yai
[2025-08-11 23:59:42] INFO: Sending test event to HTTP API...
[2025-08-11 23:59:43] INFO: API Response Status: 200
[2025-08-11 23:59:44] INFO: Delivered Events Before: 14
[2025-08-11 23:59:44] INFO: Waiting 90 seconds for event to be processed...
[2025-08-12 00:01:21] INFO: Delivered Events After: 15
[2025-08-12 00:01:21] INFO: Test completed and browser closed.
[2025-08-12 00:07:13] INFO: UserID: jiravoh455@blaxion.com
[2025-08-12 00:07:13] INFO: Password: Adinath@2025
[2025-08-12 00:07:13] INFO: URL: https://app.rudderstack.com
[2025-08-12 00:07:13] INFO: Browser: chromium
[2025-08-12 00:07:14] INFO: Navigating to login page...
[2025-08-12 00:07:18] INFO: Skipping MFA...
[2025-08-12 00:07:21] INFO: Going to dashboard...
[2025-08-12 00:07:21] INFO: Closing popup...
[2025-08-12 00:07:22] INFO: Navigating to Connections tab...
[2025-08-12 00:07:25] INFO: Captured Data Plane URL: https://blaxionjinjrrp.dataplane.rudderstack.com
[2025-08-12 00:07:25] INFO: Raw Write Key Text: Write key 319JJOq41dIvUjieunyVdhD2yai
[2025-08-12 00:07:25] INFO: Extracted Write Key: 319JJOq41dIvUjieunyVdhD2yai
[2025-08-12 00:07:25] INFO: Sending test event to HTTP API...
[2025-08-12 00:07:26] INFO: API Response Status: 200
[2025-08-12 00:07:27] INFO: Delivered events count: 15
[2025-08-12 00:07:27] INFO: Waiting 90 seconds for event to be processed...
[2025-08-12 00:09:04] INFO: Delivered events count: 16
[2025-08-12 00:09:04] INFO: Test completed and browser closed.
[2025-08-12 00:25:09] INFO: Running with ENV: qa
[2025-08-12 00:25:10] INFO: UserID: undefined
[2025-08-12 00:25:10] INFO: Password: undefined
[2025-08-12 00:25:10] INFO: URL: undefined
[2025-08-12 00:25:10] INFO: Browser: undefined
[2025-08-12 00:25:10] INFO: Navigating to login page...
[2025-08-12 00:26:14] INFO: Running with ENV: qa
[2025-08-12 00:26:14] INFO: UserID: jiravoh455@blaxion.com
[2025-08-12 00:26:14] INFO: Password: Adinath@2025
[2025-08-12 00:26:14] INFO: URL: https://app.rudderstack.com
[2025-08-12 00:26:14] INFO: Browser: chromium
[2025-08-12 00:26:14] INFO: Navigating to login page...
[2025-08-12 00:26:21] INFO: Skipping MFA...
[2025-08-12 00:26:24] INFO: Going to dashboard...
[2025-08-12 00:26:24] INFO: Closing popup...
[2025-08-12 00:26:25] INFO: Navigating to Connections tab...
[2025-08-12 00:26:30] INFO: Captured Data Plane URL: https://blaxionjinjrrp.dataplane.rudderstack.com
[2025-08-12 00:26:30] INFO: Raw Write Key Text: Write key 319JJOq41dIvUjieunyVdhD2yai
[2025-08-12 00:26:30] INFO: Extracted Write Key: 319JJOq41dIvUjieunyVdhD2yai
[2025-08-12 00:26:30] INFO: Sending test event to HTTP API...
[2025-08-12 00:26:31] INFO: API Response Status: 200
[2025-08-12 00:26:33] INFO: Delivered events count: 16
[2025-08-12 00:26:33] INFO: Waiting 90 seconds for event to be processed...
[2025-08-12 00:28:11] INFO: Delivered events count: 17
[2025-08-12 00:28:11] INFO: Test completed and browser closed.
[2025-08-12 00:40:10] INFO: Running with ENV: qa
[2025-08-12 00:40:10] INFO: UserID: jiravoh455@blaxion.com
[2025-08-12 00:40:10] INFO: Password: Adinath@2025
[2025-08-12 00:40:10] INFO: URL: https://app.rudderstack.com
[2025-08-12 00:40:10] INFO: Browser: chromium
[2025-08-12 00:40:11] INFO: Navigating to login page...
[2025-08-12 00:40:17] INFO: Skipping MFA...
[2025-08-12 00:40:21] INFO: Going to dashboard...
[2025-08-12 00:40:21] INFO: Closing popup...
[2025-08-12 00:40:21] INFO: Navigating to Connections tab...
[2025-08-12 00:40:26] INFO: Captured Data Plane URL: https://blaxionjinjrrp.dataplane.rudderstack.com
[2025-08-12 00:40:26] INFO: Raw Write Key Text: Write key 319JJOq41dIvUjieunyVdhD2yai
[2025-08-12 00:40:26] INFO: Extracted Write Key: 319JJOq41dIvUjieunyVdhD2yai
[2025-08-12 00:40:26] INFO: Sending test event to HTTP API...
[2025-08-12 00:40:27] INFO: API Response Status: 200
[2025-08-12 00:40:30] INFO: Delivered events count: 17
[2025-08-12 00:40:30] INFO: Waiting 90 seconds for event to be processed...
[2025-08-12 00:42:07] INFO: Delivered events count: 18
[2025-08-12 00:42:08] INFO: Test completed and browser closed.
[2025-08-12 15:58:11] INFO: Running with ENV: dev
[2025-08-12 15:58:11] INFO: UserID: undefined
[2025-08-12 15:58:11] INFO: Password: undefined
[2025-08-12 15:58:11] INFO: URL: undefined
[2025-08-12 15:58:11] INFO: Browser: undefined
[2025-08-12 15:58:12] INFO: Navigating to login page...
[2025-08-12 15:59:58] INFO: Running with ENV: qa
[2025-08-12 15:59:58] INFO: UserID: jiravoh455@blaxion.com
[2025-08-12 15:59:58] INFO: Password: Adinath@2025
[2025-08-12 15:59:58] INFO: URL: https://app.rudderstack.com
[2025-08-12 15:59:58] INFO: Browser: chromium
[2025-08-12 15:59:59] INFO: Navigating to login page...
[2025-08-12 16:00:05] INFO: Skipping MFA...
[2025-08-12 16:00:08] INFO: Going to dashboard...
[2025-08-12 16:00:09] INFO: Closing popup...
[2025-08-12 16:00:10] INFO: Navigating to Connections tab...
[2025-08-12 16:00:14] INFO: Captured Data Plane URL: https://blaxionjinjrrp.dataplane.rudderstack.com
[2025-08-12 16:00:14] INFO: Raw Write Key Text: Write key 319JJOq41dIvUjieunyVdhD2yai
[2025-08-12 16:00:14] INFO: Extracted Write Key: 319JJOq41dIvUjieunyVdhD2yai
[2025-08-12 16:00:14] INFO: Sending test event to HTTP API...
[2025-08-12 16:00:15] INFO: API Response Status: 200
[2025-08-12 16:00:17] INFO: Delivered events count: 18
[2025-08-12 16:00:17] INFO: Waiting 90 seconds for event to be processed...
[2025-08-12 16:01:53] INFO: Delivered events count: 19
[2025-08-12 16:01:54] INFO: Test completed and browser closed.
[2025-08-12 16:03:52] INFO: Running with ENV: dev
[2025-08-12 16:03:52] INFO: UserID: jiravoh455@blaxion.com
[2025-08-12 16:03:52] INFO: Password: Adinath@2025
[2025-08-12 16:03:52] INFO: URL: https://app.rudderstack.com
[2025-08-12 16:03:52] INFO: Browser: chromium
[2025-08-12 16:03:53] INFO: Navigating to login page...
[2025-08-12 16:07:22] INFO: Running with ENV: qa
[2025-08-12 16:07:23] INFO: UserID: jiravoh455@blaxion.com
[2025-08-12 16:07:23] INFO: Password: Adinath@2025
[2025-08-12 16:07:23] INFO: URL: https://app.rudderstack.com
[2025-08-12 16:07:23] INFO: Browser: chromium
[2025-08-12 16:07:23] INFO: Navigating to login page...
[2025-08-12 16:07:29] INFO: Skipping MFA...
[2025-08-12 16:07:32] INFO: Going to dashboard...
[2025-08-12 16:07:32] INFO: Closing popup...
[2025-08-12 16:07:33] INFO: Navigating to Connections tab...
[2025-08-12 16:07:36] INFO: Captured Data Plane URL: https://blaxionjinjrrp.dataplane.rudderstack.com
[2025-08-12 16:07:36] INFO: Raw Write Key Text: Write key 319JJOq41dIvUjieunyVdhD2yai
[2025-08-12 16:07:36] INFO: Extracted Write Key: 319JJOq41dIvUjieunyVdhD2yai
[2025-08-12 16:07:36] INFO: Sending test event to HTTP API...
[2025-08-12 16:07:38] INFO: API Response Status: 200
[2025-08-12 16:07:39] INFO: Delivered events count: 19
[2025-08-12 16:07:39] INFO: Waiting 90 seconds for event to be processed...
[2025-08-12 16:09:15] INFO: Delivered events count: 20
[2025-08-12 16:09:15] INFO: Test completed and browser closed.
[2025-08-12 16:13:45] INFO: Running with ENV: qa
[2025-08-12 16:13:45] INFO: UserID: jiravoh455@blaxion.com
[2025-08-12 16:13:45] INFO: Password: Adinath@2025
[2025-08-12 16:13:45] INFO: URL: https://app.rudderstack.com
[2025-08-12 16:13:45] INFO: Browser: chromium
[2025-08-12 16:13:46] INFO: Navigating to login page...
[2025-08-12 16:13:50] INFO: Skipping MFA...
[2025-08-12 16:13:54] INFO: Going to dashboard...
[2025-08-12 16:13:54] INFO: Closing popup...
[2025-08-12 16:13:55] INFO: Navigating to Connections tab...
[2025-08-12 16:14:00] INFO: Captured Data Plane URL: https://blaxionjinjrrp.dataplane.rudderstack.com
[2025-08-12 16:14:00] INFO: Raw Write Key Text: Write key 319JJOq41dIvUjieunyVdhD2yai
[2025-08-12 16:14:00] INFO: Extracted Write Key: 319JJOq41dIvUjieunyVdhD2yai
[2025-08-12 16:14:00] INFO: Sending test event to HTTP API...
[2025-08-12 16:14:01] INFO: API Response Status: 200
[2025-08-12 16:14:03] INFO: Delivered events count: 20
[2025-08-12 16:14:03] INFO: Waiting 90 seconds for event to be processed...
[2025-08-12 16:15:39] INFO: Delivered events count: 21
[2025-08-12 16:15:39] INFO: Test completed and browser closed.
[2025-08-12 16:17:45] INFO: Running with ENV: qa
[2025-08-12 16:17:45] INFO: UserID: jiravoh455@blaxion.com
[2025-08-12 16:17:45] INFO: Password: Adinath@2025
[2025-08-12 16:17:45] INFO: URL: https://app.rudderstack.com
[2025-08-12 16:17:45] INFO: Browser: chromium
[2025-08-12 16:17:45] INFO: Navigating to login page...
[2025-08-12 16:17:50] INFO: Skipping MFA...
[2025-08-12 16:17:54] INFO: Going to dashboard...
[2025-08-12 16:17:54] INFO: Closing popup...
[2025-08-12 16:17:55] INFO: Navigating to Connections tab...
[2025-08-12 16:17:59] INFO: Captured Data Plane URL: https://blaxionjinjrrp.dataplane.rudderstack.com
[2025-08-12 16:17:59] INFO: Raw Write Key Text: Write key 319JJOq41dIvUjieunyVdhD2yai
[2025-08-12 16:17:59] INFO: Extracted Write Key: 319JJOq41dIvUjieunyVdhD2yai
[2025-08-12 16:17:59] INFO: Sending test event to HTTP API...
[2025-08-12 16:18:00] INFO: API Response Status: 200
[2025-08-12 16:18:02] INFO: Delivered events count: 21
[2025-08-12 16:18:02] INFO: Waiting 90 seconds for event to be processed...
[2025-08-12 16:19:37] INFO: Delivered events count: 22
[2025-08-12 16:19:37] INFO: Test completed and browser closed.
[2025-08-12 16:22:26] INFO: Running with ENV: qa
[2025-08-12 16:22:26] INFO: UserID: jiravoh455@blaxion.com
[2025-08-12 16:22:26] INFO: Password: Adinath@2025
[2025-08-12 16:22:26] INFO: URL: https://app.rudderstack.com
[2025-08-12 16:22:26] INFO: Browser: chromium
[2025-08-12 16:22:26] INFO: Navigating to login page...
[2025-08-12 16:22:33] INFO: Skipping MFA...
[2025-08-12 16:22:36] INFO: Going to dashboard...
[2025-08-12 16:22:36] INFO: Closing popup...
[2025-08-12 16:22:38] INFO: Navigating to Connections tab...
[2025-08-12 16:22:41] INFO: Captured Data Plane URL: https://blaxionjinjrrp.dataplane.rudderstack.com
[2025-08-12 16:22:41] INFO: Raw Write Key Text: Write key 319JJOq41dIvUjieunyVdhD2yai
[2025-08-12 16:22:41] INFO: Extracted Write Key: 319JJOq41dIvUjieunyVdhD2yai
[2025-08-12 16:22:41] INFO: Sending test event to HTTP API...
[2025-08-12 16:22:42] INFO: API Response Status: 200
[2025-08-12 16:22:44] INFO: Delivered events count: 22
[2025-08-12 16:22:44] INFO: Waiting 90 seconds for event to be processed...
[2025-08-12 16:24:21] INFO: Delivered events count: 23
[2025-08-12 16:24:21] INFO: Test completed and browser closed.
[2025-08-12 18:32:46] INFO: Running with ENV: qa
[2025-08-12 18:32:46] INFO: UserID: jiravoh455@blaxion.com
[2025-08-12 18:32:46] INFO: Password: Adinath@2025
[2025-08-12 18:32:46] INFO: URL: https://app.rudderstack.com
[2025-08-12 18:32:46] INFO: Browser: chromium
[2025-08-12 18:32:46] INFO: Navigating to login page...
[2025-08-12 18:32:52] INFO: Skipping MFA...
[2025-08-12 18:32:55] INFO: Going to dashboard...
[2025-08-12 18:32:55] INFO: Closing popup...
[2025-08-12 18:32:56] INFO: Navigating to Connections tab...
[2025-08-12 18:33:00] INFO: Captured Data Plane URL: https://blaxionjinjrrp.dataplane.rudderstack.com
[2025-08-12 18:33:00] INFO: Raw Write Key Text: Write key 319JJOq41dIvUjieunyVdhD2yai
[2025-08-12 18:33:00] INFO: Extracted Write Key: 319JJOq41dIvUjieunyVdhD2yai
[2025-08-12 18:33:00] INFO: Sending test event to HTTP API...
[2025-08-12 18:33:01] INFO: API Response Status: 200
[2025-08-12 18:33:03] INFO: Delivered events count: 23
[2025-08-12 18:33:03] INFO: Waiting 90 seconds for event to be processed...
[2025-08-12 18:34:38] INFO: Delivered events count: 24
[2025-08-12 18:34:39] INFO: Test completed and browser closed.
